SQL> select ename, mgr , hiredate from emp;

ENAME             MGR HIREDATE                                                                      
---------- ---------- --------                                                                      
SMITH            7902 80/12/17                                                                      
ALLEN            7698 81/02/20                                                                      
WARD             7698 81/02/22                                                                      
JONES            7839 81/04/02                                                                      
MARTIN           7698 81/09/28                                                                      
BLAKE            7839 81/05/01                                                                      
CLARK            7839 81/06/09                                                                      
SCOTT            7566 87/04/19                                                                      
KING                  81/11/17                                                                      
TURNER           7698 81/09/08                                                                      
ADAMS            7788 87/05/23                                                                      

ENAME             MGR HIREDATE                                                                      
---------- ---------- --------                                                                      
JAMES            7698 81/12/03                                                                      
FORD             7566 81/12/03                                                                      
MILLER           7782 82/01/23                                                                      

14 개의 행이 선택되었습니다.

SQL> select mgr , sal , deptno from emp;

       MGR        SAL     DEPTNO                                                                    
---------- ---------- ----------                                                                    
      7902        800         20                                                                    
      7698       1600         30                                                                    
      7698       1250         30                                                                    
      7839       2975         20                                                                    
      7698       1250         30                                                                    
      7839       2850         30                                                                    
      7839       2450         10                                                                    
      7566       3000         20                                                                    
                 5000         10                                                                    
      7698       1500         30                                                                    
      7788       1100         20                                                                    

       MGR        SAL     DEPTNO                                                                    
---------- ---------- ----------                                                                    
      7698        950         30                                                                    
      7566       3000         20                                                                    
      7782       1300         10                                                                    

14 개의 행이 선택되었습니다.

SQL> spool off
