SQL> select ename "이름" , sal "월급", sal*12 "연봉" from emp;

이름             월급       연봉                                                
---------- ---------- ----------                                                
SMITH             800       9600                                                
ALLEN            1600      19200                                                
WARD             1250      15000                                                
JONES            2975      35700                                                
MARTIN           1250      15000                                                
BLAKE            2850      34200                                                
CLARK            2450      29400                                                
SCOTT            3000      36000                                                
KING             5000      60000                                                
TURNER           1500      18000                                                
ADAMS            1100      13200                                                

이름             월급       연봉                                                
---------- ---------- ----------                                                
JAMES             950      11400                                                
FORD             3000      36000                                                
MILLER           1300      15600                                                

14 개의 행이 선택되었습니다.

SQL> spool off
